// Jest Snapshot v1, https://goo.gl/fbAQLP

exports[`helpers convertSlippage resolves as expected 1`] = `20`;

exports[`helpers getFastGasFee resolves as expected by { chainId: 10 } 1`] = `
{
  "gasPrice": "3000000000",
}
`;

exports[`helpers getFastGasFee resolves as expected by { chainId: 56 } 1`] = `
{
  "gasPrice": "3000000000",
}
`;

exports[`helpers getFastGasFee resolves as expected by { chainId: 97 } 1`] = `
{
  "gasPrice": "10000000000",
}
`;

exports[`helpers getFastGasFee resolves as expected by { chainId: 31337 } 1`] = `{}`;

exports[`helpers getFastGasFee resolves as expected by { chainId: 42161 } 1`] = `
{
  "gasPrice": "100000000",
}
`;
